/home/pratama/dev-python/lib/python3.12/site-packages/xgboost/training.py:200: UserWarning: [22:54:08] WARNING: /__w/xgboost/xgboost/src/learner.cc:793: 
Parameters: { "class_weight" } are not used.

  bst.update(dtrain, iteration=i, fobj=obj)
<string>:478: UserWarning: FigureCanvasAgg is non-interactive, and thus cannot be shown
<string>:495: FutureWarning: 

Passing `palette` without assigning `hue` is deprecated and will be removed in v0.14.0. Assign the `y` variable to `hue` and set `legend=False` for the same effect.

<string>:499: UserWarning: FigureCanvasAgg is non-interactive, and thus cannot be shown
Executing notebook code...
2.85 GB
(1228394, 46)
Informasi dataset
           Severity     Start_Lat  ...  Wind_Speed(mph)  Precipitation(in)
count  1.228394e+06  1.228394e+06  ...     1.123453e+06      820673.000000
mean   2.270367e+00  3.706428e+01  ...     7.794328e+00           0.008986
std    6.063609e-01  5.013660e+00  ...     5.542770e+00           0.119716
min    1.000000e+00  2.455740e+01  ...     0.000000e+00           0.000000
25%    2.000000e+00  3.388201e+01  ...     4.600000e+00           0.000000
50%    2.000000e+00  3.740536e+01  ...     7.000000e+00           0.000000
75%    2.000000e+00  4.073916e+01  ...     1.040000e+01           0.000000
max    4.000000e+00  4.900056e+01  ...     9.840000e+02          36.470000

[8 rows x 13 columns]
# Jumlah missing value asli
Kolom paling kotor: Precipitation(in)
Persentase Missing : 33.19%
Proses Selesai! Sisa total missing value di dataset: 0
Distance(mi)          94431
Temperature(F)         7227
Wind_Chill(F)         56868
Pressure(in)          72433
Visibility(mi)       195492
Wind_Speed(mph)       40731
Precipitation(in)     73575
dtype: int64
=== Memulai Proses Capping Outliers ===
✔️ Kolom Distance(mi)       | Batas Bawah: -0.85    | Batas Atas: 1.42
✔️ Kolom Temperature(F)     | Batas Bawah: 9.00     | Batas Atas: 113.00
✔️ Kolom Wind_Chill(F)      | Batas Bawah: 21.50    | Batas Atas: 97.50
✔️ Kolom Pressure(in)       | Batas Bawah: 28.35    | Batas Atas: 31.04
✔️ Kolom Visibility(mi)     | Batas Bawah: 10.00    | Batas Atas: 10.00
✔️ Kolom Wind_Speed(mph)    | Batas Bawah: -2.50    | Batas Atas: 17.50
✔️ Kolom Precipitation(in)  | Batas Bawah: 0.00     | Batas Atas: 0.00

Proses Capping Selesai! Sekarang semua data ekstrem sudah rapi.
=== 1. TAHAP DROP KOLOM STRING YANG TIDAK DIPERLUKAN ===
✔️ Kolom ['ID', 'Description', 'Weather_Timestamp', 'Country'] berhasil dihapus.

=== 2. TAHAP TARGET ENCODING (HIGH CARDINALITY) ===
✔️ Target Encoding sukses untuk kolom: ['City', 'Street', 'Zipcode', 'Weather_Condition', 'Airport_Code', 'County']

=== 3. TAHAP ONE-HOT ENCODING (LOW CARDINALITY) ===
✔️ One-Hot Encoding sukses untuk kolom sisa.

=== 4. VALIDASI HASIL TRANSFORMASI ===
⚠️ Perhatian! Masih ada kolom string yang ketinggalan: ['Start_Time', 'End_Time']
=== TAHAP FEATURE ENGINEERING (EKSTRAKSI WAKTU) ===
✔️ Fitur Jam, Bulan, Hari, dan Durasi berhasil diekstrak.
Sisa kolom sekarang: 114
Bentuk data awal: 985990 baris, 113 fitur/kolom.
Data Training: 788792 baris | Data Testing: 197198 baris

=== TAHAP 1: STANDARISASI DATA (STANDARD SCALING) ===
✔️ Standarisasi Selesai! Skala fitur sudah disesuaikan tanpa leakage.

=== TAHAP 2: PRINCIPAL COMPONENT ANALYSIS (PCA) - (Untuk Catatan/Analisa) ===

=== HASIL ANALISIS PCA ===
💡 PC 1  mampu mewakili 6.50 % informasi | Total Akumulasi: 6.50%
💡 PC 2  mampu mewakili 4.01 % informasi | Total Akumulasi: 10.51%
💡 PC 3  mampu mewakili 3.10 % informasi | Total Akumulasi: 13.61%
💡 PC 4  mampu mewakili 2.30 % informasi | Total Akumulasi: 15.92%
💡 PC 5  mampu mewakili 2.23 % informasi | Total Akumulasi: 18.14%
💡 PC 6  mampu mewakili 1.74 % informasi | Total Akumulasi: 19.88%
💡 PC 7  mampu mewakili 1.61 % informasi | Total Akumulasi: 21.49%
💡 PC 8  mampu mewakili 1.54 % informasi | Total Akumulasi: 23.03%
💡 PC 9  mampu mewakili 1.38 % informasi | Total Akumulasi: 24.41%
💡 PC 10 mampu mewakili 1.29 % informasi | Total Akumulasi: 25.70%

🔥 Data PCA dengan 10 komponen (Catatan Saja):
       PC_1      PC_2      PC_3      PC_4      PC_5      PC_6      PC_7  \
0  3.043951  1.134947 -0.446498 -0.531667  0.374498  0.108590 -0.960537   
1 -3.829250  0.241427  0.710645  0.329565 -0.402386  2.037847 -0.949354   
2 -1.936382 -2.269602 -2.422805 -2.182319  0.815685 -0.636984  2.066910   
3  0.671963  1.001247  5.386448  0.534173 -0.880580 -0.764101  0.105374   
4 -2.723562 -1.812493 -2.442213 -2.040204 -0.303621 -0.101904  0.537508   

       PC_8      PC_9     PC_10  Severity  
0  0.379568  0.025202 -0.611734         2  
1 -0.036958 -1.209921  1.294503         2  
2 -0.523320  0.200225 -0.876826         2  
3  0.005974  0.256197 -0.490867         2  
4 -0.241306  0.883370 -1.064757         2  
=== TAHAP 3: MODEL TRAINING DENGAN XGBOOST ===
🚀 Sedang melakukan training XGBoost (tunggu sebentar)...
✔️ Training Selesai!

=== TAHAP 4: EVALUASI MODEL ===
Classification Report:

              precision    recall  f1-score   support

           1       0.79      0.76      0.77      3930
           2       0.90      0.97      0.93    155191
           3       0.68      0.42      0.52     21846
           4       0.81      0.59      0.68     16231

    accuracy                           0.87    197198
   macro avg       0.79      0.69      0.73    197198
weighted avg       0.86      0.87      0.86    197198

=== TAHAP 5: EXPLAINABLE AI (XAI) - FEATURE IMPORTANCE ===
💡 Insight: Fitur-fitur di atas adalah faktor utama yang membedakan tingkat Severity kecelakaan.
=== TAHAP 6: PREDIKSI DATA BARU ===
✔️ Berhasil mengambil data baru dengan Severity 3 pada posisi baris ke: 4

Data Baru yang masuk untuk diprediksi:
[[ 1.18202397e+00  8.88182608e-01  1.18031140e+00  8.88261092e-01
   5.15494297e-01  1.66454693e+00  2.75556808e-02  4.38983221e+00
   6.68763260e-02  3.88898273e+00  1.00724164e+00  1.01224455e-01
   7.81504449e-02  9.59682508e-01  0.00000000e+00 -6.28857857e-01
   0.00000000e+00  1.84388316e+00 -9.63951749e-02 -1.89112812e-02
  -3.00738411e-01 -5.86934789e-02 -3.88062232e-01 -4.53371158e-02
  -9.47266967e-02 -4.64245702e-03 -1.49463283e-01 -1.38457088e-01
  -2.69621091e-02 -3.53953639e-01  0.00000000e+00  1.35176260e+00
  -2.85710466e-01 -8.36001781e-01 -2.26608008e-01 -1.83827551e-01
  -1.76414907e-01 -1.85325820e-01 -1.21446542e-01 -1.94414035e-01
  -1.74615124e-01 -1.74850134e-01 -2.20376461e-01 -2.33819435e-01
   6.68584919e+00 -2.31746510e-01 -1.94213786e-01 -2.13378394e-01
  -2.26778012e-01 -2.18510450e-01 -1.51795996e-01 -1.87260189e-01
  -1.15949142e-01 -2.44478736e-01 -2.38920031e-01 -2.24429035e-01
  -1.50087098e-01 -6.77829594e-01 -6.09318009e-01 -5.33661601e-01
  -4.72762416e-01 -5.35562605e-02 -1.41418979e-01 -6.84293463e-01
  -1.34363678e-01 -9.71093804e-02 -5.20595088e-02 -4.18029662e-02
  -2.95022659e-01 -1.48707990e-01 -4.76645270e-02 -4.32686805e-02
  -1.63654505e-01 -8.96494835e-02 -5.66014299e-02 -5.91376711e-02
  -9.74148724e-02 -6.29356823e-02 -1.47707397e-01 -4.19851708e-02
   7.16726391e+00 -1.91651157e-01 -1.01273677e-01 -4.02527582e-02
  -4.82883686e-02 -1.69534490e-01 -1.62408100e-02 -3.76238602e-02
  -5.52325767e-02 -1.45187442e-01 -2.89821143e-02 -3.97919789e-02
  -2.00290676e-01 -1.21591572e-01 -6.28544161e-02 -2.80561922e-01
  -1.52958878e-01 -5.08332444e-02 -1.29641330e-01 -7.88188839e-03
  -1.15279139e-01 -2.08566267e-01 -1.76758436e-01 -1.82841295e-01
  -1.65885476e-02 -1.29089211e-01 -7.46733464e-02 -4.60890401e-02
  -2.09787224e-02  7.62350687e-01  4.24198075e-01  1.82478115e+00
  -3.28737688e-03]]

HASIL PREDIKSI: Model menebak kecelakaan ini memiliki Severity Level -> 2
FAKTA SEBENARNYA: Severity asli dari baris data ini adalah Level -> 3
model berhasil di export
Scaler berhasil di export
evaluasi berhasil di export
✔️ Data X_test dan y_test berhasil digabung dan diexport ke CSV!
Bentuk file test data: 197198 baris, 114 kolom.
=== PROSES UNDERSAMPLING KELAS 2 ===
Jumlah awal kelas 2: 620761
Jumlah target kelas 2 setelah di-undersample: 87386
Bentuk X_train baru: (255417, 113)

=== TAHAP: MODEL TRAINING DENGAN XGBOOST (DATA BALANCED) ===
🚀 Sedang melakukan training XGBoost dengan data undersampled (tunggu sebentar)...
✔️ Training Selesai!

=== TAHAP: EVALUASI MODEL (DATA BALANCED) ===
Classification Report:
              precision    recall  f1-score   support

           1       0.59      0.87      0.70      3930
           2       0.98      0.76      0.85    155191
           3       0.35      0.83      0.49     21846
           4       0.60      0.68      0.64     16231

    accuracy                           0.76    197198
   macro avg       0.63      0.78      0.67    197198
weighted avg       0.87      0.76      0.79    197198

Accuracy: 0.7630
